// Jest Snapshot v1, https://goo.gl/fbAQLP

exports[`Button Component matches snapshot 1`] = `
<View
  accessibilityState={
    {
      "busy": undefined,
      "checked": undefined,
      "disabled": undefined,
      "expanded": undefined,
      "selected": undefined,
    }
  }
  accessibilityValue={
    {
      "max": undefined,
      "min": undefined,
      "now": undefined,
      "text": undefined,
    }
  }
  accessible={true}
  collapsable={false}
  focusable={true}
  onBlur={[Function]}
  onClick={[Function]}
  onFocus={[Function]}
  onResponderGrant={[Function]}
  onResponderMove={[Function]}
  onResponderRelease={[Function]}
  onResponderTerminate={[Function]}
  onResponderTerminationRequest={[Function]}
  onStartShouldSetResponder={[Function]}
  style={
    {
      "alignItems": "center",
      "backgroundColor": "#1FBD58",
      "borderRadius": 8,
      "flexDirection": "row",
      "gap": 8,
      "justifyContent": "center",
      "paddingVertical": 14,
      "width": "100%",
    }
  }
  testID="login-button"
>
  <Text
    allowFontScaling={false}
    selectable={false}
    style={
      [
        {
          "color": "white",
          "fontSize": 24,
        },
        undefined,
        {
          "fontFamily": "ionicons",
          "fontStyle": "normal",
          "fontWeight": "normal",
        },
        {},
      ]
    }
  >
    Ó®Å
  </Text>
  <Text
    style={
      {
        "color": "#ffffff",
        "fontSize": 16,
        "fontWeight": "700",
      }
    }
  >
    Click me
  </Text>
</View>
`;
