// Jest Snapshot v1, https://goo.gl/fbAQLP

exports[`Profile Screen CustomText renders correctly 1`] = `
<Text>
  Some text
</Text>
`;
